Tournaments disallowing hybrids:
55
Tournaments:
100
Rounds at tournaments disallowing hybrids:
5364
Rounds:
13903
Ballots at tournaments disallowing hybrids:
6305
Ballots:
15790
Hybrid teams that debated:
57
Teams that debated:
1365
Hybrid teams that debated in open:
26
Teams that debated in open:
726
