Tournaments disallowing hybrids:
38
Tournaments:
89
Rounds at tournaments disallowing hybrids:
5656
Rounds:
14427
Ballots at tournaments disallowing hybrids:
7577
Ballots:
17311
Hybrid teams that debated:
44
Teams that debated:
1389
Hybrid teams that debated in open:
16
Teams that debated in open:
761
