FBB Hanes's example:
||*ratio*   	||*bounty/fee*	||*team number*	||*team name*	||
||        	||1.000000	||5          	||F        	||

||*ratio*   	||*bounty/fee*	||*team number*	||*team name*	||
||1.727273	||0.762444	||0          	||A        	||
||1.222222	||0.441415	||2          	||C        	||
||1.285714	||0.361158	||3          	||D        	||
||2.333333	||0.280900	||1          	||B        	||
||        	||0.120386	||4          	||E        	||

FBF Hanes's example:
||*ratio*   	||*bounty/fee*	||*team number*	||*team name*	||
||2.333333	||0.120386	||0          	||A        	||
||1.285714	||0.280900	||1          	||B        	||
||1.222222	||0.361158	||2          	||C        	||
||1.727273	||0.441415	||3          	||D        	||
||        	||0.762444	||4          	||E        	||

||*ratio*   	||*bounty/fee*	||*team number*	||*team name*	||
||        	||1.000000	||5          	||F        	||

FBB 8 teams, last-place team beats first-place team:
||*ratio*   	||*bounty/fee*	||*team number*	||*team name*	||
||1.714286	||0.838885	||0          	||A        	||
||3.000000	||0.489350	||1          	||B        	||
||1.166667	||0.163117	||2          	||C        	||
||1.714286	||0.139814	||7          	||H        	||
||1.666667	||0.081558	||3          	||D        	||
||1.500000	||0.048935	||4          	||E        	||
||1.400000	||0.032623	||5          	||F        	||
||        	||0.023302	||6          	||G        	||

FBF 8 teams, last-place team beats first-place team:
||*ratio*   	||*bounty/fee*	||*team number*	||*team name*	||
||1.400000	||0.023302	||1          	||B        	||
||1.500000	||0.032623	||2          	||C        	||
||1.666667	||0.048935	||3          	||D        	||
||1.714286	||0.081558	||4          	||E        	||
||1.166667	||0.139814	||0          	||A        	||
||3.000000	||0.163117	||5          	||F        	||
||1.714286	||0.489350	||6          	||G        	||
||        	||0.838885	||7          	||H        	||

FBB 5 teams, last-place team beats first-place team:
||*ratio*   	||*bounty/fee*	||*team number*	||*team name*	||
||1.500000	||0.786334	||0          	||A        	||
||2.000000	||0.524222	||1          	||B        	||
||1.500000	||0.262111	||4          	||E        	||
||2.000000	||0.174741	||2          	||C        	||
||        	||0.087370	||3          	||D        	||

FBF 5 teams, last-place team beats first-place team:
||*ratio*   	||*bounty/fee*	||*team number*	||*team name*	||
||2.000000	||0.087370	||1          	||B        	||
||1.500000	||0.174741	||2          	||C        	||
||2.000000	||0.262111	||0          	||A        	||
||1.500000	||0.524222	||3          	||D        	||
||        	||0.786334	||4          	||E        	||

FBB Stob's example of a bad tournament for MVR:
||*ratio*   	||*bounty/fee*	||*team number*	||*team name*	||
||2.134021	||0.837247	||0          	||A        	||
||1.763636	||0.392333	||1          	||B        	||
||1.279070	||0.222457	||4          	||E        	||
||1.048780	||0.173921	||2          	||C        	||
||1.171429	||0.165832	||3          	||D        	||
||1.060606	||0.141564	||6          	||G        	||
||        	||0.133474	||5          	||F        	||

FBF Stob's example of a bad tournament for MVR:
||*ratio*   	||*bounty/fee*	||*team number*	||*team name*	||
||2.846154	||0.085447	||0          	||A        	||
||1.189189	||0.243195	||4          	||E        	||
||1.227273	||0.289205	||3          	||D        	||
||1.203704	||0.354933	||2          	||C        	||
||1.138462	||0.427234	||1          	||B        	||
||1.135135	||0.486390	||5          	||F        	||
||        	||0.552118	||6          	||G        	||

