year:
2004
too close: 1
too close: 1.00012
too close: 1.00035
too close: 1.00082
too close: 1.00175
too close: 1.00362
too close: 1.00735
too close: 1.01482
too close: 1.02976
too far: 1.05964
too far: 1.05964
too far: 1.0447
too far: 1.0447
too far: 1.0447
ok: 1.04284
ok: 0.958701
number of teams: 644
epsilon: 1e-09
new epsilon: 9.90136e-10
new home epsilon: 9.92616e-10
aff bias: 0.999883
neg bias: 1.00012
likelihoods -5046.46 -5047.84 -5047.84
toward-zero 90.3339%: 1.04284 0.958924
away-zero 90.3338%: 0.958701 1.04308
simple log likelihood: -5046.46
biased log likelihood: -5046.46
Twice difference of log likelihood: 2.12575e-05
probability of bias: 0.0036787
probability of non-bias: 0.996321
inverse probability of non-bias: 1.00369
natural log of inverse probability of non-bias: 0.00368548
log base 10 of inverse probability of non-bias: 0.00160059
|| *team* || *simple ranking* || *side-corrected ranking* || *team* ||
||*	Berkley Singh/Shalmon	||1197.102177	||1197.117955	||*	Berkley Singh/Shalmon	||
||*	MictSt Stahl/Strauss	||859.136098	||859.117360	||*	MictSt Stahl/Strauss	||
||*	Emory Wolmer/Phillips	||729.900998	||729.888626	||*	Emory Wolmer/Phillips	||
||*	Harvard Tarloff/Klinger	||605.005630	||605.018930	||*	Harvard Tarloff/Klinger	||
||*	Georgia Ramachandrappa/Watson	||601.577422	||601.565412	||*	Georgia Ramachandrappa/Watson	||
||*	Emory Beckley/Liu	||526.571639	||526.588592	||*	Emory Beckley/Liu	||
||*	Nwstrn Morales/Lux	||423.369197	||423.360726	||*	Nwstrn Morales/Lux	||
||*	Berkley Nathan/Shannon	||314.708803	||314.714878	||*	Berkley Nathan/Shannon	||
year:
2005
too far: 1
too far: 0.944963
too far: 0.944963
too far: 0.931204
ok: 0.924324
ok: 0.856808
number of teams: 705
epsilon: 1e-09
new epsilon: 9.93003e-10
new home epsilon: 9.88226e-10
aff bias: 0.889926
neg bias: 1.12369
likelihoods -5770.61 -5771.91 -5771.91
toward-zero 89.3597%: 0.924324 1.08187
away-zero 89.3164%: 0.856808 1.16712
simple log likelihood: -5782.95
biased log likelihood: -5770.61
Twice difference of log likelihood: 24.6917
probability of bias: 0.999999
probability of non-bias: 6.7272e-07
inverse probability of non-bias: 1.4865e+06
natural log of inverse probability of non-bias: 14.2119
log base 10 of inverse probability of non-bias: 6.17217
|| *team* || *simple ranking* || *side-corrected ranking* || *team* ||
||*	Nwstrn Morales/Branson	||942.895344	||948.565958	||*	Nwstrn Morales/Branson	||
||*	Harvard Tarloff/Klinger	||900.400531	||924.044892	||*	Harvard Tarloff/Klinger	||
|| 	Emory Phillips/Allen	||498.324642	||517.836377	|| 	Emory Phillips/Allen	||
||*	Berkley Nathan/Wickersham	||391.923536	||398.788099	||*	Berkley Nathan/Wickersham	||
||*	Texas More/Apel	||287.813819	||292.455127	||*	MictSt VanHorn/Hardy	||
||*	MictSt VanHorn/Hardy	||286.145956	||292.401629	||*	Dartmth Smith/Clark	||
||*	Dartmth Smith/Clark	||285.518868	||290.918467	||*	Texas More/Apel	||
||*	Berkley Shannon/Reddy	||203.316676	||209.779689	||*	Berkley Shannon/Reddy	||
year:
2006
too far: 1
ok: 0.963116
ok: 0.890759
number of teams: 703
epsilon: 1e-09
new epsilon: 9.9014e-10
new home epsilon: 9.89543e-10
aff bias: 0.926231
neg bias: 1.07964
likelihoods -6035.33 -6036.76 -6036.76
toward-zero 90.9204%: 0.963116 1.0383
away-zero 90.8891%: 0.890759 1.12264
simple log likelihood: -6040.84
biased log likelihood: -6035.33
Twice difference of log likelihood: 11.0218
probability of bias: 0.9991
probability of non-bias: 0.000900477
inverse probability of non-bias: 1110.52
natural log of inverse probability of non-bias: 7.01259
log base 10 of inverse probability of non-bias: 3.04553
|| *team* || *simple ranking* || *side-corrected ranking* || *team* ||
||*	Harvard Klinger/Mirchandani	||2272.193171	||2311.556938	||*	Harvard Klinger/Mirchandani	||
||*	Emory Phillips/Ghavi	||1752.112950	||1785.047521	||*	Nwstrn Branson/Chestnut	||
||*	Nwstrn Branson/Chestnut	||1745.524355	||1782.638780	||*	Emory Phillips/Ghavi	||
||*	MictSt Burke/Harrigan	||1282.998687	||1312.038063	||*	MictSt Burke/Harrigan	||
||*	Berkley Wickersham/Burshteyn	||1249.397131	||1261.953412	||*	Berkley Wickersham/Burshteyn	||
||*	Dartmth Smith/Clark	||1032.059292	||1048.706294	||*	WakeFr Carroll/Hall	||
||*	WakeFr Carroll/Hall	||1031.990643	||1048.213475	||*	Dartmth Smith/Clark	||
||*	Dartmth Brooks/Marks	||878.426033	||883.042186	||*	Dartmth Brooks/Marks	||
year:
2007
too close: 1
too close: 0.981394
too far: 0.944182
too far: 0.944182
too far: 0.962788
too far: 0.972091
too far: 0.976742
ok: 0.979068
ok: 1.05974
number of teams: 616
epsilon: 1e-09
new epsilon: 9.99357e-10
new home epsilon: 9.83412e-10
aff bias: 1.01861
neg bias: 0.981734
likelihoods -5570.09 -5571.46 -5571.46
toward-zero 90.107%: 0.979068 1.02138
away-zero 90.1066%: 1.05974 0.943627
simple log likelihood: -5570.39
biased log likelihood: -5570.09
Twice difference of log likelihood: 0.59044
probability of bias: 0.557751
probability of non-bias: 0.442249
inverse probability of non-bias: 2.26117
natural log of inverse probability of non-bias: 0.815882
log base 10 of inverse probability of non-bias: 0.354333
|| *team* || *simple ranking* || *side-corrected ranking* || *team* ||
||*	Georgia Culpepper/Rabinowitz	||559.257521	||559.083082	||*	Georgia Culpepper/Rabinowitz	||
||*	Oklhma Cleary/Johnson	||494.121869	||493.702403	||*	Oklhma Cleary/Johnson	||
||*	Dartmth Clark/Olsen	||477.586949	||476.038293	||*	Dartmth Clark/Olsen	||
||*	WayneS Murillo/Timmons	||399.855372	||399.557613	||*	WayneS Murillo/Timmons	||
||*	Kansas Jennings/Bricker	||386.286181	||387.136180	||*	Kansas Jennings/Bricker	||
||*	Emory Hamraie/Hoehn	||324.007468	||322.758059	||*	Emory Hamraie/Hoehn	||
||*	UMKC Gordon/Foster	||273.578058	||273.586831	||*	UMKC Gordon/Foster	||
|| 	Mo St Osborn/Kearney	||263.331459	||263.122116	|| 	Mo St Osborn/Kearney	||
year:
2008
too far: 1
too far: 0.953483
too far: 0.953483
ok: 0.941853
ok: 0.87337
number of teams: 703
epsilon: 1e-09
new epsilon: 9.9168e-10
new home epsilon: 9.92674e-10
aff bias: 0.906965
neg bias: 1.10258
likelihoods -6045.86 -6047.2 -6047.2
toward-zero 89.9134%: 0.941853 1.06174
away-zero 89.8721%: 0.87337 1.14499
simple log likelihood: -6054.88
biased log likelihood: -6045.86
Twice difference of log likelihood: 18.0411
probability of bias: 0.999978
probability of non-bias: 2.16184e-05
inverse probability of non-bias: 46256.9
natural log of inverse probability of non-bias: 10.742
log base 10 of inverse probability of non-bias: 4.66518
|| *team* || *simple ranking* || *side-corrected ranking* || *team* ||
||*	Emory Hoehn/Weil	||836.490941	||862.709579	||*	Emory Hoehn/Weil	||
||*	Berkle Burshteyn/Polin	||752.260884	||772.534708	||*	Berkle Burshteyn/Polin	||
||*	Kansas Jennings/Bricker	||665.621721	||683.351520	||*	Kansas Jennings/Bricker	||
||*	Dartmth Olsen/Kernoff	||640.772315	||663.498754	||*	Dartmth Olsen/Kernoff	||
||*	WakeFr Lamballe/Gannon	||608.312016	||618.492910	||*	WakeFr Lamballe/Gannon	||
||*	Harvard Anders/Murray	||584.827756	||597.734308	||*	Harvard Anders/Murray	||
|| 	Emory Pramanick/Inamullah	||452.945852	||450.391731	||*	Nwstrn Warden/Fisher	||
||*	Nwstrn Warden/Fisher	||432.751218	||445.704155	|| 	Emory Pramanick/Inamullah	||
year:
2009
too close: 1
too far: 1.03256
too far: 1.03256
too far: 1.01628
too far: 1.00814
ok: 1.00407
ok: 0.93215
number of teams: 721
epsilon: 1e-09
new epsilon: 9.91465e-10
new home epsilon: 9.86569e-10
aff bias: 0.967442
neg bias: 1.03365
likelihoods -6345.24 -6346.6 -6346.6
toward-zero 90.1069%: 1.00407 0.995947
away-zero 90.0967%: 0.93215 1.07279
simple log likelihood: -6346.32
biased log likelihood: -6345.24
Twice difference of log likelihood: 2.16005
probability of bias: 0.85836
probability of non-bias: 0.14164
inverse probability of non-bias: 7.06014
natural log of inverse probability of non-bias: 1.95446
log base 10 of inverse probability of non-bias: 0.848813
|| *team* || *simple ranking* || *side-corrected ranking* || *team* ||
||*	Nwstrn Warden/Fisher	||2466.632010	||2461.384104	||*	Nwstrn Warden/Fisher	||
||*	Kansas Johnson/Bricker	||2008.268287	||2012.156303	||*	Kansas Johnson/Bricker	||
||*	Wake Lamballe/Gannon	||1409.775526	||1416.031932	||*	Wake Lamballe/Gannon	||
||*	Cal Burshteyn/Polin	||1117.031373	||1121.707128	||*	Cal Burshteyn/Polin	||
|| 	Harvard Rebrovick/Parkinson	||966.446596	||967.313558	|| 	Harvard Rebrovick/Parkinson	||
||*	Emory Schwab/Miller	||957.000423	||961.669686	||*	Emory Schwab/Miller	||
|| 	MictSt Eyzaguirre/Lanning	||862.978492	||861.238157	|| 	MictSt Eyzaguirre/Lanning	||
||*	Emory Weil/Senghas	||728.014700	||728.149810	||*	Emory Weil/Senghas	||
