Hybrid teams that debated:
44
Teams that debated:
1389
Competitors that debated at least once on a hybrid team:
77
Competitors that debated:
1570
Hybrid competitors that debated on some non-hybrid team:
60
Teams with two competitors who only debated on hybrid teams:
2
Teams with two competitors each of whom debated at least once on non-hybrid teams:
25
Hybrid teams that debated in each of open, JV, and novice or rookie at least once:
0
Hybrid teams that debated in both open and JV at least once, but never in novice or rookie:
2
Hybrid teams that debated in both novice (or rookie) and open at least once, but never in JV:
0
Hybrid teams that debated in both novice and JV at least once, but never in open:
0
Hybrid teams that debated only in open rounds:
13
Hybrid teams that debated only in JV rounds:
16
Hybrid teams that debated only in novice rounds:
11
Teams that debated in each of open, JV, and novice or rookie at least once:
14
Teams that debated in both open and JV at least once, but never in novice or rookie:
132
Teams that debated in both novice (or rookie) and open at least once, but never in JV:
16
Teams that debated in both novice and JV at least once, but never in open:
30
Teams that debated only in open rounds:
599
Teams that debated only in JV rounds:
238
Teams that debated only in novice rounds:
360
Tournaments disallowing hybrids:
19
Tournaments only nominally disallowing hybrids:
10
Tournaments allowing hybrids with hybrid entries:
26
Tournaments allowing hybrids with no hybrid entries:
18
Ballots at tournaments disallowing hybrids:
4596
Ballots at tournaments only nominally disallowing hybrids:
2981
Ballots at tournaments allowing hybrids with hybrid entries:
6419
Ballots at tournaments nominally allowing hybrids, but with no hybrid entries:
3315
