Hybrid teams that debated:
53
Teams that debated:
1333
Competitors that debated at least once on a hybrid team:
94
Competitors that debated:
1574
Hybrid competitors that debated on some non-hybrid team:
68
Teams with two competitors who only debated on hybrid teams:
3
Teams with two competitors each of whom debated at least once on non-hybrid teams:
28
Hybrid teams that debated in each of open, JV, and novice or rookie at least once:
1
Hybrid teams that debated in both open and JV at least once, but never in novice or rookie:
1
Hybrid teams that debated in both novice (or rookie) and open at least once, but never in JV:
0
Hybrid teams that debated in both novice and JV at least once, but never in open:
0
Hybrid teams that debated only in open rounds:
26
Hybrid teams that debated only in JV rounds:
13
Hybrid teams that debated only in novice rounds:
12
Teams that debated in each of open, JV, and novice or rookie at least once:
15
Teams that debated in both open and JV at least once, but never in novice or rookie:
105
Teams that debated in both novice (or rookie) and open at least once, but never in JV:
9
Teams that debated in both novice and JV at least once, but never in open:
40
Teams that debated only in open rounds:
596
Teams that debated only in JV rounds:
234
Teams that debated only in novice rounds:
334
Tournaments disallowing hybrids:
18
Tournaments only nominally disallowing hybrids:
4
Tournaments allowing hybrids with hybrid entries:
31
Tournaments allowing hybrids with no hybrid entries:
16
Ballots at tournaments disallowing hybrids:
3911
Ballots at tournaments only nominally disallowing hybrids:
1446
Ballots at tournaments allowing hybrids with hybrid entries:
7642
Ballots at tournaments nominally allowing hybrids, but with no hybrid entries:
3383
