Tournaments disallowing hybrids:
27
Tournaments:
79
Rounds at tournaments disallowing hybrids:
4857
Rounds:
13952
Ballots at tournaments disallowing hybrids:
6575
Ballots:
16490
Hybrid teams that debated:
55
Teams that debated:
1303
Hybrid teams that debated in open:
16
Teams that debated in open:
704
