count(*) = 8
0
Dist	Rounds	Div	TourneyName
1	51	1	NDT D1 / California Policy Debate Championships
3	80	1	NDT District III Qualifying Tournament
4	13	1	District 4 Qualifier
5	56	1	NDT Qualifiers (District 5, CWRU)
6	90	1	SECEDA/SECCEDA D-6
7	72	1	District VII Qualifying
8	42	1	District 8 Qualifier
9	42	1	District Nine Qualifiers
1	48	2	NDT D1 / California Policy Debate Championships
6	27	2	SECEDA/SECCEDA D-6
1	74	3	NDT D1 / California Policy Debate Championships
6	33	3	SECEDA/SECCEDA D-6
District Teams
109
CEDA Teams
180
