count(*) = 7
1
Dist	Rounds	Div	TourneyName
1	42	1	NDT D1 Qualifer & Califiornia Champs
3	78	1	District III Qualifying tournament
5	56	1	District 5 NDT Qualifier @ Michigan State
6	91	1	SE/SEC CEDA and D-6
7	80	1	District VII at UMW
8	54	1	District 8 NDT Qualifier
9	24	1	District IX NDT Qualifier @ Weber State
1	43	2	NDT D1 Qualifer & Califiornia Champs
6	33	2	SE/SEC CEDA and D-6
1	61	3	NDT D1 Qualifer & Califiornia Champs
6	1	3	SE/SEC CEDA and D-6
District Teams
111
CEDA Teams
176
