
(1.0000,195)
(1.2500,43)
(1.5000,28)
(1.7500,20)
(2.0000,32)
(2.2500,7)
(2.5000,11)
(2.7500,7)
(3.0000,16)
