
(1.0000,208)
(1.2500,23)
(1.5000,36)
(1.7500,29)
(2.0000,23)
(2.2500,3)
(2.5000,8)
(2.7500,4)
(3.0000,9)
