
(1.0000,182)
(1.2500,52)
(1.5000,28)
(1.7500,23)
(2.0000,26)
(2.2500,10)
(2.5000,14)
(2.7500,8)
(3.0000,14)
