count(*) = 8
1
Dist	Rounds	Div	TourneyName
1	30	1	NDT D1 Qualifying and CA Junior-Novice Champs
3	73	1	D3 NDT Qualifying tournament
4	12	1	District IV NDT Qualifier
5	48	1	District 5 Qualifier
6	73	1	SECEDA/SCCEDA/D-6
7	72	1	District VII Qualifying Tournament
8	51	1	NDT District 8
1	49	2	NDT D1 Qualifying and CA Junior-Novice Champs
6	19	2	SECEDA/SCCEDA/D-6
1	55	3	NDT D1 Qualifying and CA Junior-Novice Champs
6	33	3	SECEDA/SCCEDA/D-6
District Teams
95
CEDA Teams
174
