
(1.0000,212)
(1.2500,31)
(1.5000,40)
(1.7500,22)
(2.0000,19)
(2.2500,12)
(2.5000,12)
(2.7500,4)
