
(1.0000,207)
(1.2500,37)
(1.5000,33)
(1.7500,15)
(2.0000,22)
(2.2500,5)
(2.5000,10)
(2.7500,11)
(3.0000,14)
