2005-2006 open division debaters:
959
2005-2006 new college debaters:
903
2005-2006 freshperson open division debaters:
397
2005-2006 NDT freshpersons:
21
