2006-2007 open division debaters:
983
2006-2007 new college debaters:
911
2006-2007 freshperson open division debaters:
425
2006-2007 NDT freshpersons:
18
