2007-2008 open division debaters:
925
2007-2008 new college debaters:
855
2007-2008 freshperson open division debaters:
366
2007-2008 NDT freshpersons:
18
